Profiles reachable from FashionistaEmily:
GourmetEats
SunshineSurfer
TechWhiz2000
UrbanExplorerJane
MusicMakerMike
ArtisticVisions23
BookwormBethany
