Profiles reachable from Willows98:
ArtisticVisions23
Voyager15
DogLuvr
FrankForever
CosmicCrafts
